_off^_usr, _off^_usr, _off^_usr, _off^_usr, _off^_usr, _off^_usr, _off^_usr, _off^_usr, _off^_usr, _off^_usr, _off^_usr, _off^_usr, _off^_usr, _off^_usr, _off^_usr, _off^_usr, _off^_usr, _off^_usr, _off^_usr, _off^_usr, _off^_usr, _off^_usr, _off^_usr, _off^_usr, _off^_usr, _off^_usr, Uu, Uu, Uh, Qxu, Qxu, Uu, Uh, Uu, Uu, _off^_usr, _off^_usr, _off^_usr, _off^_usr, _off^_usr, _off^_usr, _off^_usr, _off^_usr, _off^_usr, _off^_usr, _off^_usr, _off^_usr, _off^_usr, _off^_usr, _off^_usr, _off^_usr, _off^_usr, _off^_usr, _off^_usr, _off^_usr, _off^_usr, _off^_usr, _off^_usr, _off^_usr, _off^_usr
_off^_usr, _off^_usr, _off^_usr, _off^_usr, _off^_usr, _off^_usr, _off^_usr, _off^_usr, _off^_usr, _off^_usr, _off^_usr, _off^_usr, _off^_usr, _off^_usr, _off^_usr, _off^_usr, _off^_usr, _off^_usr, _off^_usr, _off^_usr, _off^_usr, _off^_usr, _off^_usr, _off^_usr, Xu, Uu, Qxu, Uh, Uu, Uu, Cud, Uu, Uu, Uu, Qxu, Uu, _off^_usr, _off^_usr, _off^_usr, _off^_usr, _off^_usr, _off^_usr, _off^_usr, _off^_usr, _off^_usr, _off^_usr, _off^_usr, _off^_usr, _off^_usr, _off^_usr, _off^_usr, _off^_usr, _off^_usr, _off^_usr, _off^_usr, _off^_usr, _off^_usr, _off^_usr, _off^_usr, _off^_usr
_off^_usr, _off^_usr, _off^_usr, _off^_usr, _off^_usr, _off^_usr, _off^_usr, _off^_usr, _off^_usr, _off^_usr, _off^_usr, _off^_usr, _off^_usr, _off^_usr, _off^_usr, _off^_usr, _off^_usr, _off^_usr, _off^_usr, _off^_usr, _off^_usr, _off^_usr, _off^_usr, _off^_usr, Uu, Qxu, Uu, Xu, Xu, Cud, 7 Khr, Cud, Xu, Uu, Qxu, Uu, Uu, _off^_usr, _off^_usr, _off^_usr, _off^_usr, _off^_usr, _off^_usr, _off^_usr, _off^_usr, _off^_usr, _off^_usr, _off^_usr, _off^_usr, _off^_usr, _off^_usr, _off^_usr, _off^_usr, _off^_usr, _off^_usr, _off^_usr, _off^_usr, _off^_usr, _off^_usr, _off^_usr
_off^_usr, _off^_usr, _off^_usr, _off^_usr, _off^_usr, _off^_usr, _off^_usr, _off^_usr, _off^_usr, _off^_usr, _off^_usr, _off^_usr, _off^_usr, _off^_usr, _off^_usr, _off^_usr, _off^_usr, _off^_usr, _off^_usr, _off^_usr, _off^_usr, _off^_usr, _off^_usr, Uu, Uu, Uu^Uf, Uu, Uh, Uu, Cud, Cud, Cud, Uu, Uu, Uh, Uu, Uu, _off^_usr, _off^_usr, _off^_usr, _off^_usr, _off^_usr, _off^_usr, _off^_usr, _off^_usr, _off^_usr, _off^_usr, _off^_usr, _off^_usr, _off^_usr, _off^_usr, _off^_usr, _off^_usr, _off^_usr, _off^_usr, _off^_usr, _off^_usr, _off^_usr, _off^_usr, _off^_usr
_off^_usr, _off^_usr, _off^_usr, _off^_usr, _off^_usr, _off^_usr, _off^_usr, _off^_usr, _off^_usr, _off^_usr, _off^_usr, _off^_usr, _off^_usr, _off^_usr, _off^_usr, _off^_usr, _off^_usr, _off^_usr, _off^_usr, _off^_usr, _off^_usr, _off^_usr, Xu, Uu, Uh, Uu, Uu, Uu, Cud, Cud, Cud, Cud, Cud, Uu, Uh, Uh, Qxu, Uu, _off^_usr, _off^_usr, _off^_usr, _off^_usr, _off^_usr, _off^_usr, _off^_usr, _off^_usr, _off^_usr, _off^_usr, _off^_usr, _off^_usr, _off^_usr, _off^_usr, _off^_usr, _off^_usr, _off^_usr, _off^_usr, _off^_usr, _off^_usr, _off^_usr, _off^_usr
_off^_usr, _off^_usr, _off^_usr, _off^_usr, _off^_usr, _off^_usr, _off^_usr, _off^_usr, _off^_usr, _off^_usr, _off^_usr, _off^_usr, _off^_usr, _off^_usr, _off^_usr, _off^_usr, _off^_usr, _off^_usr, _off^_usr, _off^_usr, _off^_usr, Qxu, Qxu, Xu, Uu, Xu, Qxu, Cud, Xu, Uu^Uf, Uu, Uu, Uh, Cud, Uu, Uu, Uh, Uu, Xu, _off^_usr, _off^_usr, _off^_usr, _off^_usr, _off^_usr, _off^_usr, _off^_usr, _off^_usr, _off^_usr, _off^_usr, _off^_usr, _off^_usr, _off^_usr, _off^_usr, _off^_usr, _off^_usr, _off^_usr, _off^_usr, _off^_usr, _off^_usr, _off^_usr
_off^_usr, _off^_usr, _off^_usr, _off^_usr, _off^_usr, _off^_usr, _off^_usr, _off^_usr, _off^_usr, _off^_usr, _off^_usr, _off^_usr, _off^_usr, _off^_usr, _off^_usr, _off^_usr, _off^_usr, _off^_usr, _off^_usr, _off^_usr, Xu, Uu, Uu, Uu, Uu^Uf, Uh, Xu, Uu, Uu, Uu, Uu, Uu, Uu, Uu, Uu, Qxu, Uu, Chr, Chr, _off^_usr, _off^_usr, _off^_usr, _off^_usr, _off^_usr, _off^_usr, _off^_usr, _off^_usr, _off^_usr, _off^_usr, _off^_usr, _off^_usr, _off^_usr, _off^_usr, _off^_usr, _off^_usr, _off^_usr, _off^_usr, _off^_usr, _off^_usr, _off^_usr
_off^_usr, _off^_usr, _off^_usr, _off^_usr, _off^_usr, _off^_usr, _off^_usr, _off^_usr, _off^_usr, _off^_usr, _off^_usr, _off^_usr, _off^_usr, _off^_usr, _off^_usr, _off^_usr, _off^_usr, _off^_usr, _off^_usr, _off^_usr, Xu, Uu, Chr, Chr, Uu^Uf, Uu, Uu, Qxu, Uu, Qxu, Qxu, Uu, Uu, Uu, Qxu, Uh, Uu, Xu, Chr, Uu, Uu, _off^_usr, _off^_usr, _off^_usr, _off^_usr, _off^_usr, _off^_usr, _off^_usr, _off^_usr, _off^_usr, _off^_usr, _off^_usr, _off^_usr, _off^_usr, _off^_usr, _off^_usr, _off^_usr, _off^_usr, _off^_usr, _off^_usr
_off^_usr, _off^_usr, _off^_usr, _off^_usr, _off^_usr, _off^_usr, _off^_usr, _off^_usr, _off^_usr, _off^_usr, _off^_usr, _off^_usr, _off^_usr, _off^_usr, _off^_usr, _off^_usr, _off^_usr, _off^_usr, Uu, Uh, Uu, Xu, Uu, Khr, Chr, Uu, Uh, Uu, Uu^Uf, Uh, Chr, Chr, Chr, Xu, Uu, Uu, Uu, Xu, Khr, Uu, Uh, _off^_usr, _off^_usr, _off^_usr, _off^_usr, _off^_usr, _off^_usr, _off^_usr, _off^_usr, _off^_usr, _off^_usr, _off^_usr, _off^_usr, _off^_usr, _off^_usr, _off^_usr, _off^_usr, _off^_usr, _off^_usr, _off^_usr
_off^_usr, _off^_usr, _off^_usr, _off^_usr, _off^_usr, _off^_usr, _off^_usr, _off^_usr, _off^_usr, _off^_usr, _off^_usr, _off^_usr, _off^_usr, _off^_usr, _off^_usr, _off^_usr, Md^Xm, Xu, Uh^Ii, Uu, Xu, Uu, Qxu, Uu, Uu, Uu, Uu, Uu, Uu, Uu, Uu, Khr, Uu, Uh, Uu, Uu, Uu, Uu, Uu, Uu^Uf, Uu, Uu, Uu, _off^_usr, _off^_usr, _off^_usr, _off^_usr, _off^_usr, _off^_usr, _off^_usr, _off^_usr, _off^_usr, _off^_usr, _off^_usr, _off^_usr, _off^_usr, _off^_usr, _off^_usr, _off^_usr, _off^_usr
_off^_usr, _off^_usr, _off^_usr, _off^_usr, _off^_usr, _off^_usr, _off^_usr, _off^_usr, _off^_usr, _off^_usr, _off^_usr, _off^_usr, _off^_usr, _off^_usr, _off^_usr, Md^Xm, Md, Md, Md^Xm, Xu, Xu, Uu^Uf, Uu, Qxu, Uu, Uh, Uu, Xu, Qxu, Qxu, Uu, Uh, Uu, Uu, Uu, Xu, Uu, Uu, Uu, Uh, Uu, Uu, Uu, _off^_usr, _off^_usr, _off^_usr, _off^_usr, _off^_usr, _off^_usr, _off^_usr, _off^_usr, _off^_usr, _off^_usr, _off^_usr, _off^_usr, _off^_usr, _off^_usr, _off^_usr, _off^_usr, _off^_usr
_off^_usr, _off^_usr, _off^_usr, _off^_usr, _off^_usr, _off^_usr, _off^_usr, _off^_usr, _off^_usr, _off^_usr, _off^_usr, _off^_usr, _off^_usr, _off^_usr, _off^_usr, Md, Rp, Md, Md^Xm, Md^Xm, Md^Xm, Xu, Xu, Qxu, Xu, Uu, Xu, Xu, Xu, Qxu, Uu, Uu, Uu, Uu, Uu, Uu, Uu, Uh, Uu, Uu, Uu, Uh, Xu, Xu, Md^Xm, _off^_usr, _off^_usr, _off^_usr, _off^_usr, _off^_usr, _off^_usr, _off^_usr, _off^_usr, _off^_usr, _off^_usr, _off^_usr, _off^_usr, _off^_usr, _off^_usr, _off^_usr
_off^_usr, _off^_usr, _off^_usr, _off^_usr, _off^_usr, _off^_usr, _off^_usr, _off^_usr, _off^_usr, _off^_usr, _off^_usr, _off^_usr, _off^_usr, _off^_usr, Md, Md, Rp, Md, Md^Xm, Md^Xm, Md^Xm, Md^Xm, Md^Xm, Xu, Md, Uh^Ii, Xu, Xu, Xu, Xu, Xu, Uh^Ii, Xu, Xu, Xu, Xu, Xu, Xu, Xu, Uh^Ii, Xu, Xu, Md^Xm, Md^Xm, Md^Xm, Md^Xm, _off^_usr, _off^_usr, _off^_usr, _off^_usr, _off^_usr, _off^_usr, _off^_usr, _off^_usr, _off^_usr, _off^_usr, _off^_usr, _off^_usr, _off^_usr, _off^_usr
_off^_usr, _off^_usr, _off^_usr, _off^_usr, _off^_usr, _off^_usr, _off^_usr, _off^_usr, _off^_usr, _off^_usr, _off^_usr, _off^_usr, _off^_usr, Md, Md, Md, Rp, Md, Md, Md^Xm, Md^Xm, Md^Xm, Md, Md, Md, Md^Xm, Md^Xm, Md, Md^Xm, Md, Md, Md, Md^Xm, Md, Md^Xm, Md^Xm, Md^Xm, Md^Xm, Md^Xm, Md, Md^Xm, Md^Xm, Md^Xm, Md^Xm, Md^Xm, Md^Xm, Md, _off^_usr, _off^_usr, _off^_usr, _off^_usr, _off^_usr, _off^_usr, _off^_usr, _off^_usr, _off^_usr, _off^_usr, _off^_usr, _off^_usr, _off^_usr
_off^_usr, _off^_usr, _off^_usr, _off^_usr, _off^_usr, _off^_usr, _off^_usr, _off^_usr, _off^_usr, _off^_usr, _off^_usr, _off^_usr, Md, Md, Md, Md, Md, Rp, Rp, Md, Md, Md, Rp, Md, Md, Md^Xm, Md^Xm, Md^Xm, Md^Xm, Md, Md, Md, Md, Md^Xm, Md^Xm, Md^Xm, Md^Xm, Md^Xm, Md, Md, Md, Md^Xm, Md^Xm, Md^Xm, Md^Xm, Md^Xm, Md, _off^_usr, _off^_usr, _off^_usr, _off^_usr, _off^_usr, _off^_usr, _off^_usr, _off^_usr, _off^_usr, _off^_usr, _off^_usr, _off^_usr, _off^_usr
_off^_usr, _off^_usr, _off^_usr, _off^_usr, _off^_usr, _off^_usr, _off^_usr, _off^_usr, _off^_usr, _off^_usr, _off^_usr, _off^_usr, Hhd, Md, Md, Md, Md, Md, Rp, Md, Rp, Rp, Md, Md, Md^Xm, Md^Xm, Md^Xm, Md^Xm, Md^Xm, Md, Md, Md, Md, Md^Xm, Md^Xm, Md^Xm, Md^Xm, Md^Xm, Rp, Md, Md, Rp, Md^Xm, Md^Xm, Md, Md, Md, Md, _off^_usr, _off^_usr, _off^_usr, _off^_usr, _off^_usr, _off^_usr, _off^_usr, _off^_usr, _off^_usr, _off^_usr, _off^_usr, _off^_usr
_off^_usr, _off^_usr, _off^_usr, _off^_usr, _off^_usr, _off^_usr, _off^_usr, _off^_usr, _off^_usr, _off^_usr, _off^_usr, Hhd, Wwg, Hhd, Wwf, Hhd, Hhd, Wwf, Hhd, Rp, Md, Md, Md, Md, Hhd, Hhd, Hhd, Md^Xm, Md, Md^Xm, Md, Md, Md, Md^Xm, Md, Md^Xm, Rp, Gll^Fdw, Md, Md, Md, Rp, Wwf, Md, Md, Md, Md, Md, _off^_usr, _off^_usr, _off^_usr, _off^_usr, _off^_usr, _off^_usr, _off^_usr, _off^_usr, _off^_usr, _off^_usr, _off^_usr, _off^_usr
_off^_usr, _off^_usr, _off^_usr, _off^_usr, _off^_usr, _off^_usr, _off^_usr, _off^_usr, _off^_usr, _off^_usr, Gll^Fdw, Hhd, Wwrg, Wwrg, Gll^Fdw, Hhd, Gll^Fdw, Wwg, Wwrg, Rp, Hhd, Hhd, Hhd, Md, Wwf, Hhd, Hhd, Md, Md, Md, Md, Md, Md, Md, Md, Md, Rp, Md, Md, Md, Md, Hhd, Hhd, Wwrg, Chr, Chr, Chr, Md, Md, _off^_usr, _off^_usr, _off^_usr, _off^_usr, _off^_usr, _off^_usr, _off^_usr, _off^_usr, _off^_usr, _off^_usr, _off^_usr
_off^_usr, _off^_usr, _off^_usr, _off^_usr, _off^_usr, _off^_usr, _off^_usr, _off^_usr, _off^_usr, _off^_usr, Hhd, Hhd, Wwg^Bw/r, Gll^Fdw, Hhd, Gll^Fdw, Gll^Fdw, Md, Hhd, Wwf, Wwf, Wwf, Hhd, Wwrg, Hhd, Md, Hhd, Md, Hhd, Md, Ss, Md, Hhd, Md, Hhd, Rp, Hhd, Md, Hhd, Md, Hhd, Md, Hhd, Wwg, Chr, 5 Khr, Chr, Rp, Rp, _off^_usr, _off^_usr, _off^_usr, _off^_usr, _off^_usr, _off^_usr, _off^_usr, _off^_usr, _off^_usr, _off^_usr, _off^_usr
_off^_usr, _off^_usr, _off^_usr, _off^_usr, _off^_usr, _off^_usr, _off^_usr, _off^_usr, _off^_usr, Hhd, Rp, Rp, Wwrg, Rp, Rp, Gll^Fdw, Hhd, Hhd, Rp, Rp, Gll^Fdw, Wwg, Gll^Fdw, Wwrg, Wwg, Gll^Fdw, Gll^Fdw, Hhd, Gll^Fdw, Hhd, Wwg, Hhd, Hhd, Md, Hhd, Rp, Gll^Fdw, Hhd, Wwf, Md, Md, Hhd, Rp, Wwg^Bw/r, Gd, Chr, Gll^Fdw, Gll^Fdw, Rp, Gll^Fdw, Gll^Fdw, _off^_usr, _off^_usr, _off^_usr, _off^_usr, _off^_usr, _off^_usr, _off^_usr, _off^_usr, _off^_usr
_off^_usr, _off^_usr, _off^_usr, _off^_usr, _off^_usr, _off^_usr, _off^_usr, _off^_usr, Gll^Fdw, Rp, Ss, Hhd, Wwg, Hhd, Hhd, Rp, Rp, Gll^Fdw, Chr, Hhd, Rp, Wwrg, Rp, Gll^Fdw, Rp, Wwg, Chs, Wog^Bw/r, Rp, Gd, Wog, Hhd, Gd, Gd, Gd, Rp, Gll^Fdw, Gll^Fdw, Gll^Fdw, Wwg, Rp, Rp, Hhd, Wwrg, Wwg, Wwrg, Wwg, Wwg, Wwg^Bw\, Hhd, Wwg, _off^_usr, _off^_usr, _off^_usr, _off^_usr, _off^_usr, _off^_usr, _off^_usr, _off^_usr, _off^_usr
_off^_usr, _off^_usr, _off^_usr, _off^_usr, _off^_usr, _off^_usr, _off^_usr, _off^_usr, Gll^Fdw, Rp, Hhd, Wwg, Hhd, Md, Hhd, Gll^Fdw, Gll^Fdw, Chr, 6 Khr, Chr, Hhd, Wwg, Hhd, Rp, Hhd, Wwg^Bw/r, Wwg, Wwg, Hhd, Rp, Rp, Wwg, Wwg, Wwg, Hhd, Rp, Hhd, Hhd, Rp, Wwg^Bw/r, Hhd, Gll^Fdw, Hhd, Gd, Hhd, Hhd, Wwg, Hhd, Gd, Wwg^Bw\, Gd, Wwg, _off^_usr, _off^_usr, _off^_usr, _off^_usr, _off^_usr, _off^_usr, _off^_usr, _off^_usr
_off^_usr, _off^_usr, _off^_usr, _off^_usr, _off^_usr, _off^_usr, Gd, Wwg, Hhd, Rp, Rp, Wwg, Hhd, Hhd, Gd, Hhd, Gd, Chr, Chr, Chr, Wwrg, Wwg, Hhd, Gll^Fdw, Gll^Fdw, Hhd, Hhd, Wwg, Hhd, Hhd, Hhd, Rp, Wwg^Bw\r, Hhd, Chr, Chr, Chr, Rp, Hhd, Wwg, Wwg, Hhd, Hhd, Hhd, Hhd, Hhd, Wwg, Hhd, Hhd, Rp, Hhd, Gd, Gd, _off^_usr, _off^_usr, _off^_usr, _off^_usr, _off^_usr, _off^_usr, _off^_usr
_off^_usr, _off^_usr, _off^_usr, _off^_usr, _off^_usr, _off^_usr, Hhd, Wwg, Hhd, Hhd, Rp, Wwg, Hhd, Ss, Hhd, Hhd, Gd, Hhd, Rp, Hhd, Wwg, Hhd, Hhd, Hhd, Hhd, Hhd, Hhd, Wwg, Hhd, Hhd, Hhd, Hhd, Wwg, Hhd, Chr, Khr, Chr, Gll^Fdw, Hhd, Hhd, Wwg, Hhd, Hhd, Hhd, Hhd, Hhd, Hhd, Wwg, Hhd, Rp, Md, Wog, Wwg, _off^_usr, _off^_usr, _off^_usr, _off^_usr, _off^_usr, _off^_usr, _off^_usr
_off^_usr, _off^_usr, _off^_usr, _off^_usr, _off^_usr, Wog, Gll^Fdw, Hhd, Gll^Fdw, Gll^Fdw, Rp, Wwg, Gd, Gd, Gd, Gd, Hhd, Hhd, Rp, Hhd, Wwg, Hhd, Gd, Hhd, Hhd, Hhd, Hhd, Wwg, Hhd, Gll^Fdw, Hhd, Wwg, Hhd, Hhd, Hhd, Chr, Gll^Fdw, Hhd, Hhd, Hhd, Hhd, Wwg, Hhd, Hhd, Hhd, Hhd, Md, Wwg, Gd, Rp, Rp, Md, Gll^Fdw, Gll^Fdw, Gd, _off^_usr, _off^_usr, _off^_usr, _off^_usr, _off^_usr
_off^_usr, _off^_usr, _off^_usr, _off^_usr, Wwg, Wwg, Hhd, Gll^Fdw, Gll^Fdw, Gll^Fdw, Rp, Wwg, Wwg, Gll^Fdw, Gd, Md, Gd, Hhd, Rp, Hhd, Wwg, Hhd, Gll^Fdw, Hhd, Hhd, Hhd, Hhd, Wwg, Hhd, Gll^Fdw, Wwg, Wwg, Hhd, Hhd, Gd, Rp, Hhd, Hhd, Md, Hhd, Hhd, Wwg, Wwg, Gll^Fdw, Gll^Fdw, Gd, Ss, Ss, Md, Rp, Md, Rp, Rp, Gll^Fdw, Gll^Fdw, Gd, _off^_usr, _off^_usr, _off^_usr, _off^_usr
_off^_usr, _off^_usr, _off^_usr, _off^_usr, Wwrg, Wwg, Hhd, Gd, Gd, Rp, Gll^Fdw, Hhd, Wwg, Gll^Fdw, Gll^Fdw, Gd, Gd, Gll^Fdw, Rp, Hhd, Wwg, Hhd, Gll^Fdw, Gll^Fdw, Wwg, Gll^Fdw, Wog, Wwg, Wog, Gll^Fdw, Wwg, Hhd, Gd, Gd, Gd, Rp, Md, Md, Gd, Gd, Gd, Gd, Wwg, Gd, Gd, Hhd, Ss, Ss, Hhd, Rp, Gll^Fdw, Md, Gll^Fdw, Rp, Rp, Md, _off^_usr, _off^_usr, _off^_usr, _off^_usr
_off^_usr, _off^_usr, _off^_usr, Hhd, Wwrg, Hhd, Md, Gd, Gd, Rp, Hhd, Wwg, Hhd, Gll^Fdw, Md, Gll^Fdw, Gd, Rp, Wwrg, Wwrg^Bw\r, Rp, Gd, Gd, Gll^Fdw, Gd, Wwg, Hhd, Gd, Md, Wwg, Ss, Gd, Gd, Md, Rp, Chs, Rp, Hhd, Gd, Gd, Wwg, Ss, Gd, Hhd, Gd, Hhd, Hhd, Ss, Rp, Rp, Gd, Gd, Wog, Hhd, Rp, Wog, Gd, _off^_usr, _off^_usr, _off^_usr
_off^_usr, _off^_usr, _off^_usr, Md, Gd, Md, Gd, Gll^Fdw, Hhd, Rp, Md, Wwg, Wwrg, Wwrg, Wog, Wwg, Rp, Rp, Wwg, Hhd, Gd, Rp, Gd, Gd, Gd, Wwg, Wwg, Gd, Gd, Gd, Ss, Gd, Rp, Rp, Md, Hhd, Hhd, Rp, Rp, Gd, Ss, Hhd, Gd, Gd, Gd, Hhd, Gd, Wwg, Ss^Bw|r, Wog, Ss, Md, Wwf, Wwrg, Wwg^Bw|r, Gd, Wwg, _off^_usr, _off^_usr, _off^_usr
_off^_usr, _off^_usr, Gd, Gd, Gd, Wog, Wwg, Wwg, Wwg, Wwg^Bw|r, Wwg, Wwg, Hhd, Hhd, Rp, Wog^Bw/r, Md, Gd, Wwg, Gd, Hhd, Rp, Rp, Hhd, Md, Gd, Gd, Wwg, Hhd, Gd, Wog^Bw/r, Rp, Md, Gd, Md, Md, Md, Gd, Ss, Ss^Bw\r, Wwg, Ss, Wog, Gd, Md, Gd, Gll^Fdw, Gd, Rp, Gll^Fdw, Gll^Fdw, Wog, Wwrg, Gd, Rp, Wwg, Rp, Rp, _off^_usr, _off^_usr
_off^_usr, _off^_usr, Hhd, Hhd, Gd, Wwg, Wwg, Hhd, Hhd, Rp, Ce, Ce, Ce, Rp, Gd, Wog, Wwg, Md, Wwrg, Md, Gll^Fdw, Gll^Fdw, Gd, Rp, Rp, Md, Wwg, Wwg, Rp, Rp, Gll^Fdw, Gd, Gd, Gd, Gd, Hhd, Hhd, Wwg, Gd, Rp, Wog, Gd, Gd, Ss, Wwg, Gll^Fdw, Gll^Fdw, Gd, Rp, Gll^Fdw, Md, Gd, Hhd, Md, Hhd, Rp, Md, Gll^Fdw, _off^_usr, _off^_usr
_off^_usr, _off^_usr, Gd, Gd, Wwg, Wwg, Hhd, Hhd, Gd, Hhd, Gd, 1 Ke, Ce, Gd, Gd, Gd, Gd, Wwrg, Hhd, Wwg, Gd, Gll^Fdw, Wwf, Wwg, Wwf, Wwrg^Bw\r, Rp, Rp, Ce, Ce, Ce, Gd, Gll^Fdw, Gll^Fdw, Gll^Fdw, Gll^Fdw, Ss, Ss, Hhd, Rp, Gd, Gd, Gd, Gll^Fdw, Gll^Fdw, Gd, Hhd, Gd, Ce, Ce, Ce, Gd, Gd, Md, Hhd, Gd, Hhd, Gll^Fdw, _off^_usr, _off^_usr
_off^_usr, _off^_usr, Wog, Wwg, Hhd, Gd, Md, Wwg, Gd, Md, Md, Ce, Hhd, Gd, Gd, Hhd, Hhd, Gd, Gd, Wwrg, Gd, Gd, Wwf, Hhd, Wwf, Gd, Hhd, Hhd, Ce, 2 Ke, Ce, Gd, Wwg, Wwg, Wwg, Gll^Fdw, Ss, Hhd, Gd, Gd, Gd, Gd, Rp, Gll^Fdw, Rp, Rp, Rp, Rp, Ce, 3 Ke, Gd, Wwg, Ss, Gd, Wog, Gd, Wwg, Gd, _off^_usr, _off^_usr
_off^_usr, _off^_usr, Wog, Wog, Md, Gd, Gll^Fdw, Gd, Gd, Hhd, Gll^Fdw, Gd, Gd, Hhd, Gll^Fdw, Gd, Gll^Fdw, Gd, Gd, Wwrg, Gd, Gd, Wwg, Gd, Wwf, Ss, Wwg, Gd, Wwg, Gd, Wwg, Wwg, Wwg, Gd, Wwg, Hhd, Ss, Gd, Gd, Gd, Gd, Gd, Gd, Rp, Gd, Wwg, Gd, Gd, Md, Ce, Hhd, Md, Ss, Wwg, Gd, Gd, Wog, Wog, _off^_usr, _off^_usr
_off^_usr, _off^_usr, Wog, Wog, Wog, Gd, Wog, Hhd, Wog, Wwg, Md, Wwg, Gd, Hhd, Gll^Fdw, Gll^Fdw, Ss, Md, Wwf, Wwg, Hhd, Md, Gd, Wwg, Gd, Ss, Gd, Wwg, Gd, Hhd, Ss, Hhd, Gd, Wwg, Wwg, Hhd, Hhd, Wwg, Gd, Gd, Hhd, Wwg, Gd, Gd, Gd, Wwg, Gd, Gd, Gd, Hhd, Hhd, Md, Wog, Wog, Wog, Wog, Wog, Wog, _off^_usr, _off^_usr
_off^_usr, _off^_usr, Wog, Wog, Wog, Wog, Wog, Wog, Wog, Wog, Wog, Hhd, Wog, Hhd, Gd, Gd, Md, Wwf, Wwf, Gd, Gd, Gd, Gd, Gd, Gd, Gd, Gd, Gd, Gd, Gd, Wwg, Gd, Ss, Wwg, Gd, Hhd, Gd, Gd, Gd, Gd, Gd, Gd, Hhd, Wog, Gd, Gd, Wwg, Hhd, Wog, Gd, Wog, Wog, Wog, Wog, Wog, Wog, Wog, Wog, _off^_usr, _off^_usr
_off^_usr, _off^_usr, Wog, Wog, Wog, Wog, Wog, Wog, Wog, Wog, Wog, Wog, Wog, Wog, Wog, Wog, Wog, Gd, Wog, Gd, Wog, Gd, Wog, Gd, Wog, Hhd, Wog, Gd, Gd, Gd, Hhd, Ss, Gd, Gd, Gd, Gd, Wwg, Md, Gd, Md, Gd, Gd, Gd, Gd, Wog, Gd, Wog, Wog, Wog, Wog, Wog, Wog, Wog, Wog, Wog, Wog, Wog, Wog, _off^_usr, _off^_usr
_off^_usr, _off^_usr, Wog, Wog, Wog, Wog, Wog, Wog, Wog, Wog, Wog, Wog, Wog, Wog, Wog, Wog, Wog, Wog, Wog, Wog, Wog, Wog, Wog, Wog, Wog, Wog, Wog, Wog, Wog, Gd, Wog, Ss, Wog, Gd, Gd, Gd, Wog, Gd, Wog, Hhd, Wog, Hhd, Wog, Wog, Wog, Wog, Wog, Wog, Wog, Wog, Wog, Wog, Wog, Wog, Wog, Wog, Wog, Wog, _off^_usr, _off^_usr
Wog, _off^_usr, Wog, Wog, Wog, Wog, Wog, Wog, Wog, Wog, Wog, Wog, Wog, Wog, Wog, Wog, Wog, Wog, Wog, Wog, Wog, Wog, Wog, Wog, Wog, Wog, Wog, Wog, Wog, Wog, Wog, Wog, Wog, Wog, Wog, Wog, Wog, Wog, Wog, Wog, Wog, Wog, Wog, Wog, Wog, Wog, Wog, Wog, Wog, Wog, Wog, Wog, Wog, Wog, Wog, Wog, Wog, Wog, _off^_usr, _off^_usr
